# ---------------------------------------------------------------------------
# Created on Thu Feb 13 19:43:37 EST 2025 with report_failfast (2023.09.14)
# ---------------------------------------------------------------------------

 +------------------------------------------------------------------------------------------------------------------------------------------------------------------------------------------------------------------------------------------------------------------------------------------------------------------------------------+
 | Clock Buffers (BUFGCE / BUFGCE_DIV / BUFGCTRL)                                                                                                                                                                                                                                                                                     |
 +-------------+------------------------------------------------------------------------------+-------------------------------------------------------------+-------+--------+--------------------------------------------------------------------------------------------------------------------------------------------------------+
 | Driver Type | Driver Pin                                                                   | Net                                                         | Slack | Fanout | Load Pins                                                                                                                                              |
 +-------------+------------------------------------------------------------------------------+-------------------------------------------------------------+-------+--------+--------------------------------------------------------------------------------------------------------------------------------------------------------+
 | BUFGCE      | bd_0_i/hls_inst/inst/fadd_32ns_32ns_32_8_full_dsp_1_U1/ce_r_reg_bufg_place/O | bd_0_i/hls_inst/inst/fadd_32ns_32ns_32_8_full_dsp_1_U1/ce_r | 1.656 | 3352   | DSP_A_B_DATA/CEA2 (19) DSP_A_B_DATA/CEB2 (9) DSP_ALU/CEM (29) DSP_C_DATA/CEC (29) DSP_M_DATA/CEM (29) DSP_OUTPUT/CEP (9) FDRE/CE (3198) SRL16E/CE (30) |
 | BUFGCE      | bd_0_i/hls_inst/inst/regslice_both_out_r_U/ce_r_i_1_bufg_place/O             | bd_0_i/hls_inst/inst/regslice_both_out_r_U/grp_fu_123_ce    | 1.128 | 1792   | FDRE/CE (1536) SRL16E/CE (256)                                                                                                                         |
 +-------------+------------------------------------------------------------------------------+-------------------------------------------------------------+-------+--------+--------------------------------------------------------------------------------------------------------------------------------------------------------+
